#-----------------------------------------------------------
# PlanAhead v14.7 (64-bit)
# Build 321239 by xbuild on Fri Sep 27 19:29:51 MDT 2013
# Start of session at: Tue May 10 19:49:27 2022
# Process ID: 20404
# Log file: D:/zuchengyuanli/cunchuqi/planAhead_run_3/planAhead.log
# Journal file: D:/zuchengyuanli/cunchuqi/planAhead_run_3/planAhead.jou
#-----------------------------------------------------------
start_gui
source D:/zuchengyuanli/cunchuqi/pa.fromHdl.tcl
update_compile_order -fileset sim_1
startgroup
set_property package_pin R1 [get_ports {led[7]}]
endgroup
startgroup
set_property package_pin P2 [get_ports {led[6]}]
endgroup
startgroup
set_property package_pin P1 [get_ports {led[5]}]
endgroup
startgroup
set_property package_pin N2 [get_ports {led[4]}]
endgroup
startgroup
set_property package_pin M1 [get_ports {led[3]}]
endgroup
startgroup
set_property package_pin M2 [get_ports {led[2]}]
endgroup
startgroup
set_property package_pin L1 [get_ports {led[1]}]
endgroup
startgroup
set_property package_pin J2 [get_ports {led[0]}]
endgroup
save_constraints
